node.exe : npm verbose cli C:\Program Files\nodejs\node.exe 
C:\Users\fatem\AppData\Roaming\npm\node_modules\npm\bin\npm-cli.js
At C:\Program Files\nodejs\npm.ps1:29 char:3
+   & $NODE_EXE $NPM_CLI_JS $args
+   ~~~~~~~~~~~~~~~~~~~~~~~~~~~~~
    + CategoryInfo          : NotSpecified: (npm verbose cli...\bin\npm-cli.js:String) [], Rem 
   oteException
    + FullyQualifiedErrorId : NativeCommandError
 
npm info using npm@11.3.0
npm info using node@v22.14.0
npm warn Unknown cli config "--coverage". This will stop working in the next major version of 
npm.
npm verbose title npm test role.routes.test.ts
npm verbose argv "test" "role.routes.test.ts" "--no-coverage" "--loglevel" "verbose"
npm verbose logfile logs-max:10 
dir:C:\Users\fatem\AppData\Local\npm-cache\_logs\2025-10-04T14_55_31_714Z-
npm verbose logfile 
C:\Users\fatem\AppData\Local\npm-cache\_logs\2025-10-04T14_55_31_714Z-debug-0.log

> mini-crm-backend@1.0.0 test
> jest --coverage --runInBand role.routes.test.ts

(node:52548) [MONGOOSE] Warning: Duplicate schema index on {"domain":1} found. This is often 
due to declaring an index using both "index: true" and "schema.index()". Please remove the 
duplicate index definition.
(Use `node --trace-warnings ...` to show where the warning was created)
  console.log
    [2025-10-04T14:55:41.331Z] [ERROR] Error occurred: {
      error: "Cannot read properties of undefined (reading 'options')",
      stack: "TypeError: Cannot read properties of undefined (reading 'options')\n" +
        '    at Function.fromOptions (C:\\Users\\fatem\\Desktop\\Client Projects\\mini-crm\\backend\\node_modules\\mongodb\\src\\read_preference.ts:151:61)\n' +
        '    at resolveOptions (C:\\Users\\fatem\\Desktop\\Client Projects\\mini-crm\\backend\\node_modules\\mongodb\\src\\utils.ts:567:41)\n' +
        '    at Collection.insertOne (C:\\Users\\fatem\\Desktop\\Client Projects\\mini-crm\\backend\\node_modules\\mongodb\\src\\collection.ts:291:23)\n' +
        '    at NativeCollection.<computed> [as insertOne] (C:\\Users\\fatem\\Desktop\\Client Projects\\mini-crm\\backend\\node_modules\\mongoose\\lib\\drivers\\node-mongodb-native\\collection.js:246:33)\n' +
        '    at model.Object.<anonymous>.Model.$__handleSave (C:\\Users\\fatem\\Desktop\\Client Projects\\mini-crm\\backend\\node_modules\\mongoose\\lib\\model.js:374:33)\n' +
        '    at model.Object.<anonymous>.Model.$__save (C:\\Users\\fatem\\Desktop\\Client Projects\\mini-crm\\backend\\node_modules\\mongoose\\lib\\model.js:496:8)\n' +
        '    at C:\\Users\\fatem\\Desktop\\Client Projects\\mini-crm\\backend\\node_modules\\kareem\\index.js:387:18\n' +
        '    at C:\\Users\\fatem\\Desktop\\Client Projects\\mini-crm\\backend\\node_modules\\kareem\\index.js:113:15\n' +
        '    at processTicksAndRejections (node:internal/process/task_queues:85:11)',
      path: '/api/roles',
      method: 'POST'
    }

      at Logger.log (src/utils/logger.ts:25:17)

::ffff:127.0.0.1 - - [04/Oct/2025:14:55:41 +0000] "POST /api/roles HTTP/1.1" 500 82 "-" "-"
  console.log
    [2025-10-04T14:55:42.039Z] [ERROR] Error occurred: {
      error: 'No token provided',
      stack: 'UnauthorizedError: No token provided\n' +
        '    at C:\\Users\\fatem\\Desktop\\Client Projects\\mini-crm\\backend\\src\\middleware\\auth.ts:18:11\n' +
        '    at fn (C:\\Users\\fatem\\Desktop\\Client Projects\\mini-crm\\backend\\src\\utils\\asyncHandler.ts:7:21)\n' +
        '    at Layer.handle [as handle_request] (C:\\Users\\fatem\\Desktop\\Client Projects\\mini-crm\\backend\\node_modules\\express\\lib\\router\\layer.js:95:5)\n' +
        '    at trim_prefix (C:\\Users\\fatem\\Desktop\\Client Projects\\mini-crm\\backend\\node_modules\\express\\lib\\router\\index.js:328:13)\n' +
        '    at C:\\Users\\fatem\\Desktop\\Client Projects\\mini-crm\\backend\\node_modules\\express\\lib\\router\\index.js:286:9\n' +
        '    at Function.process_params (C:\\Users\\fatem\\Desktop\\Client Projects\\mini-crm\\backend\\node_modules\\express\\lib\\router\\index.js:346:12)\n' +
        '    at next (C:\\Users\\fatem\\Desktop\\Client Projects\\mini-crm\\backend\\node_modules\\express\\lib\\router\\index.js:280:10)\n' +
        '    at Function.handle (C:\\Users\\fatem\\Desktop\\Client Projects\\mini-crm\\backend\\node_modules\\express\\lib\\router\\index.js:175:3)\n' +
        '    at router (C:\\Users\\fatem\\Desktop\\Client Projects\\mini-crm\\backend\\node_modules\\express\\lib\\router\\index.js:47:12)\n' +
        '    at Layer.handle [as handle_request] (C:\\Users\\fatem\\Desktop\\Client Projects\\mini-crm\\backend\\node_modules\\express\\lib\\router\\layer.js:95:5)\n' +
        '    at trim_prefix (C:\\Users\\fatem\\Desktop\\Client Projects\\mini-crm\\backend\\node_modules\\express\\lib\\router\\index.js:328:13)\n' +
        '    at C:\\Users\\fatem\\Desktop\\Client Projects\\mini-crm\\backend\\node_modules\\express\\lib\\router\\index.js:286:9\n' +
        '    at Function.process_params (C:\\Users\\fatem\\Desktop\\Client Projects\\mini-crm\\backend\\node_modules\\express\\lib\\router\\index.js:346:12)\n' +
        '    at next (C:\\Users\\fatem\\Desktop\\Client Projects\\mini-crm\\backend\\node_modules\\express\\lib\\router\\index.js:280:10)\n' +
        '    at C:\\Users\\fatem\\Desktop\\Client Projects\\mini-crm\\backend\\node_modules\\express-rate-limit\\dist\\index.cjs:807:7\n' +
        '    at processTicksAndRejections (node:internal/process/task_queues:105:5)\n' +
        '    at C:\\Users\\fatem\\Desktop\\Client Projects\\mini-crm\\backend\\node_modules\\express-rate-limit\\dist\\index.cjs:691:5',
      path: '/api/roles',
      method: 'POST'
    }

      at Logger.log (src/utils/logger.ts:25:17)

::ffff:127.0.0.1 - - [04/Oct/2025:14:55:42 +0000] "POST /api/roles HTTP/1.1" 401 69 "-" "-"
  console.log
    [2025-10-04T14:55:42.748Z] [ERROR] Error occurred: {
      error: 'Missing required permission(s): role.manage',
      stack: 'ForbiddenError: Missing required permission(s): role.manage\n' +
        '    at C:\\Users\\fatem\\Desktop\\Client Projects\\mini-crm\\backend\\src\\middleware\\rbac.ts:33:15\n' +
        '    at processTicksAndRejections (node:internal/process/task_queues:105:5)',
      path: '/api/roles',
      method: 'POST'
    }

      at Logger.log (src/utils/logger.ts:25:17)

::ffff:127.0.0.1 - - [04/Oct/2025:14:55:42 +0000] "POST /api/roles HTTP/1.1" 403 92 "-" "-"
  console.log
    [2025-10-04T14:55:43.452Z] [ERROR] Error occurred: {
      error: 'Validation failed',
      stack: 'ValidationError: Validation failed\n' +
        '    at C:\\Users\\fatem\\Desktop\\Client Projects\\mini-crm\\backend\\src\\middleware\\validation.ts:20:15\n' +
        '    at Layer.handle [as handle_request] (C:\\Users\\fatem\\Desktop\\Client Projects\\mini-crm\\backend\\node_modules\\express\\lib\\router\\layer.js:95:5)\n' +
        '    at next (C:\\Users\\fatem\\Desktop\\Client Projects\\mini-crm\\backend\\node_modules\\express\\lib\\router\\route.js:149:13)\n' +
        '    at next (C:\\Users\\fatem\\Desktop\\Client Projects\\mini-crm\\backend\\src\\middleware\\rbac.ts:38:7)\n' +
        '    at processTicksAndRejections (node:internal/process/task_queues:105:5)',
      path: '/api/roles',
      method: 'POST'
    }

      at Logger.log (src/utils/logger.ts:25:17)

::ffff:127.0.0.1 - - [04/Oct/2025:14:55:43 +0000] "POST /api/roles HTTP/1.1" 400 158 "-" "-"
  console.log
    [2025-10-04T14:55:44.148Z] [ERROR] Error occurred: {
      error: 'Role with this name already exists in the organization',
      stack: 'ConflictError: Role with this name already exists in the organization\n' +
        '    at RoleService.createRole (C:\\Users\\fatem\\Desktop\\Client Projects\\mini-crm\\backend\\src\\services\\role.service.ts:28:15)\n' +
        '    at processTicksAndRejections (node:internal/process/task_queues:105:5)\n' +
        '    at C:\\Users\\fatem\\Desktop\\Client Projects\\mini-crm\\backend\\src\\controllers\\role.controller.ts:18:18',
      path: '/api/roles',
      method: 'POST'
    }

      at Logger.log (src/utils/logger.ts:25:17)

::ffff:127.0.0.1 - - [04/Oct/2025:14:55:44 +0000] "POST /api/roles HTTP/1.1" 409 102 "-" "-"
  console.log
    [2025-10-04T14:55:44.849Z] [ERROR] Error occurred: {
      error: 'Validation failed',
      stack: 'ValidationError: Validation failed\n' +
        '    at C:\\Users\\fatem\\Desktop\\Client Projects\\mini-crm\\backend\\src\\middleware\\validation.ts:20:15\n' +
        '    at Layer.handle [as handle_request] (C:\\Users\\fatem\\Desktop\\Client Projects\\mini-crm\\backend\\node_modules\\express\\lib\\router\\layer.js:95:5)\n' +
        '    at next (C:\\Users\\fatem\\Desktop\\Client Projects\\mini-crm\\backend\\node_modules\\express\\lib\\router\\route.js:149:13)\n' +
        '    at next (C:\\Users\\fatem\\Desktop\\Client Projects\\mini-crm\\backend\\src\\middleware\\rbac.ts:38:7)\n' +
        '    at processTicksAndRejections (node:internal/process/task_queues:105:5)',
      path: '/api/roles',
      method: 'POST'
    }

      at Logger.log (src/utils/logger.ts:25:17)

::ffff:127.0.0.1 - - [04/Oct/2025:14:55:44 +0000] "POST /api/roles HTTP/1.1" 400 751 "-" "-"
::ffff:127.0.0.1 - - [04/Oct/2025:14:55:45 +0000] "GET /api/roles HTTP/1.1" 200 1055 "-" "-"
::ffff:127.0.0.1 - - [04/Oct/2025:14:55:46 +0000] "GET /api/roles?isSystem=true HTTP/1.1" 200 1055 "-" "-"
::ffff:127.0.0.1 - - [04/Oct/2025:14:55:47 +0000] "GET /api/roles?search=Sales HTTP/1.1" 200 372 "-" "-"
::ffff:127.0.0.1 - - [04/Oct/2025:14:55:47 +0000] "GET /api/roles?page=1&pageSize=2 HTTP/1.1" 200 556 "-" "-"
::ffff:127.0.0.1 - - [04/Oct/2025:14:55:48 +0000] "GET /api/roles?sortBy=name&sortOrder=asc HTTP/1.1" 200 1055 "-" "-"
  console.log
    [2025-10-04T14:55:49.263Z] [ERROR] Error occurred: {
      error: 'No token provided',
      stack: 'UnauthorizedError: No token provided\n' +
        '    at C:\\Users\\fatem\\Desktop\\Client Projects\\mini-crm\\backend\\src\\middleware\\auth.ts:18:11\n' +
        '    at fn (C:\\Users\\fatem\\Desktop\\Client Projects\\mini-crm\\backend\\src\\utils\\asyncHandler.ts:7:21)\n' +
        '    at Layer.handle [as handle_request] (C:\\Users\\fatem\\Desktop\\Client Projects\\mini-crm\\backend\\node_modules\\express\\lib\\router\\layer.js:95:5)\n' +
        '    at trim_prefix (C:\\Users\\fatem\\Desktop\\Client Projects\\mini-crm\\backend\\node_modules\\express\\lib\\router\\index.js:328:13)\n' +
        '    at C:\\Users\\fatem\\Desktop\\Client Projects\\mini-crm\\backend\\node_modules\\express\\lib\\router\\index.js:286:9\n' +
        '    at Function.process_params (C:\\Users\\fatem\\Desktop\\Client Projects\\mini-crm\\backend\\node_modules\\express\\lib\\router\\index.js:346:12)\n' +
        '    at next (C:\\Users\\fatem\\Desktop\\Client Projects\\mini-crm\\backend\\node_modules\\express\\lib\\router\\index.js:280:10)\n' +
        '    at Function.handle (C:\\Users\\fatem\\Desktop\\Client Projects\\mini-crm\\backend\\node_modules\\express\\lib\\router\\index.js:175:3)\n' +
        '    at router (C:\\Users\\fatem\\Desktop\\Client Projects\\mini-crm\\backend\\node_modules\\express\\lib\\router\\index.js:47:12)\n' +
        '    at Layer.handle [as handle_request] (C:\\Users\\fatem\\Desktop\\Client Projects\\mini-crm\\backend\\node_modules\\express\\lib\\router\\layer.js:95:5)\n' +
        '    at trim_prefix (C:\\Users\\fatem\\Desktop\\Client Projects\\mini-crm\\backend\\node_modules\\express\\lib\\router\\index.js:328:13)\n' +
        '    at C:\\Users\\fatem\\Desktop\\Client Projects\\mini-crm\\backend\\node_modules\\express\\lib\\router\\index.js:286:9\n' +
        '    at Function.process_params (C:\\Users\\fatem\\Desktop\\Client Projects\\mini-crm\\backend\\node_modules\\express\\lib\\router\\index.js:346:12)\n' +
        '    at next (C:\\Users\\fatem\\Desktop\\Client Projects\\mini-crm\\backend\\node_modules\\express\\lib\\router\\index.js:280:10)\n' +
        '    at C:\\Users\\fatem\\Desktop\\Client Projects\\mini-crm\\backend\\node_modules\\express-rate-limit\\dist\\index.cjs:807:7\n' +
        '    at processTicksAndRejections (node:internal/process/task_queues:105:5)\n' +
        '    at C:\\Users\\fatem\\Desktop\\Client Projects\\mini-crm\\backend\\node_modules\\express-rate-limit\\dist\\index.cjs:691:5',
      path: '/api/roles',
      method: 'GET'
    }

      at Logger.log (src/utils/logger.ts:25:17)

::ffff:127.0.0.1 - - [04/Oct/2025:14:55:49 +0000] "GET /api/roles HTTP/1.1" 401 69 "-" "-"
::ffff:127.0.0.1 - - [04/Oct/2025:14:55:49 +0000] "GET /api/roles/permissions HTTP/1.1" 200 1212 "-" "-"
  console.log
    [2025-10-04T14:55:50.557Z] [ERROR] Error occurred: {
      error: 'No token provided',
      stack: 'UnauthorizedError: No token provided\n' +
        '    at C:\\Users\\fatem\\Desktop\\Client Projects\\mini-crm\\backend\\src\\middleware\\auth.ts:18:11\n' +
        '    at fn (C:\\Users\\fatem\\Desktop\\Client Projects\\mini-crm\\backend\\src\\utils\\asyncHandler.ts:7:21)\n' +
        '    at Layer.handle [as handle_request] (C:\\Users\\fatem\\Desktop\\Client Projects\\mini-crm\\backend\\node_modules\\express\\lib\\router\\layer.js:95:5)\n' +
        '    at trim_prefix (C:\\Users\\fatem\\Desktop\\Client Projects\\mini-crm\\backend\\node_modules\\express\\lib\\router\\index.js:328:13)\n' +
        '    at C:\\Users\\fatem\\Desktop\\Client Projects\\mini-crm\\backend\\node_modules\\express\\lib\\router\\index.js:286:9\n' +
        '    at Function.process_params (C:\\Users\\fatem\\Desktop\\Client Projects\\mini-crm\\backend\\node_modules\\express\\lib\\router\\index.js:346:12)\n' +
        '    at next (C:\\Users\\fatem\\Desktop\\Client Projects\\mini-crm\\backend\\node_modules\\express\\lib\\router\\index.js:280:10)\n' +
        '    at Function.handle (C:\\Users\\fatem\\Desktop\\Client Projects\\mini-crm\\backend\\node_modules\\express\\lib\\router\\index.js:175:3)\n' +
        '    at router (C:\\Users\\fatem\\Desktop\\Client Projects\\mini-crm\\backend\\node_modules\\express\\lib\\router\\index.js:47:12)\n' +
        '    at Layer.handle [as handle_request] (C:\\Users\\fatem\\Desktop\\Client Projects\\mini-crm\\backend\\node_modules\\express\\lib\\router\\layer.js:95:5)\n' +
        '    at trim_prefix (C:\\Users\\fatem\\Desktop\\Client Projects\\mini-crm\\backend\\node_modules\\express\\lib\\router\\index.js:328:13)\n' +
        '    at C:\\Users\\fatem\\Desktop\\Client Projects\\mini-crm\\backend\\node_modules\\express\\lib\\router\\index.js:286:9\n' +
        '    at Function.process_params (C:\\Users\\fatem\\Desktop\\Client Projects\\mini-crm\\backend\\node_modules\\express\\lib\\router\\index.js:346:12)\n' +
        '    at next (C:\\Users\\fatem\\Desktop\\Client Projects\\mini-crm\\backend\\node_modules\\express\\lib\\router\\index.js:280:10)\n' +
        '    at C:\\Users\\fatem\\Desktop\\Client Projects\\mini-crm\\backend\\node_modules\\express-rate-limit\\dist\\index.cjs:807:7\n' +
        '    at processTicksAndRejections (node:internal/process/task_queues:105:5)\n' +
        '    at C:\\Users\\fatem\\Desktop\\Client Projects\\mini-crm\\backend\\node_modules\\express-rate-limit\\dist\\index.cjs:691:5',
      path: '/api/roles/permissions',
      method: 'GET'
    }

      at Logger.log (src/utils/logger.ts:25:17)

::ffff:127.0.0.1 - - [04/Oct/2025:14:55:50 +0000] "GET /api/roles/permissions HTTP/1.1" 401 69 "-" "-"
::ffff:127.0.0.1 - - [04/Oct/2025:14:55:51 +0000] "GET /api/roles/68e13576e5da47e198561828 HTTP/1.1" 200 392 "-" "-"
  console.log
    [2025-10-04T14:55:51.861Z] [ERROR] Error occurred: {
      error: 'No token provided',
      stack: 'UnauthorizedError: No token provided\n' +
        '    at C:\\Users\\fatem\\Desktop\\Client Projects\\mini-crm\\backend\\src\\middleware\\auth.ts:18:11\n' +
        '    at fn (C:\\Users\\fatem\\Desktop\\Client Projects\\mini-crm\\backend\\src\\utils\\asyncHandler.ts:7:21)\n' +
        '    at Layer.handle [as handle_request] (C:\\Users\\fatem\\Desktop\\Client Projects\\mini-crm\\backend\\node_modules\\express\\lib\\router\\layer.js:95:5)\n' +
        '    at trim_prefix (C:\\Users\\fatem\\Desktop\\Client Projects\\mini-crm\\backend\\node_modules\\express\\lib\\router\\index.js:328:13)\n' +
        '    at C:\\Users\\fatem\\Desktop\\Client Projects\\mini-crm\\backend\\node_modules\\express\\lib\\router\\index.js:286:9\n' +
        '    at Function.process_params (C:\\Users\\fatem\\Desktop\\Client Projects\\mini-crm\\backend\\node_modules\\express\\lib\\router\\index.js:346:12)\n' +
        '    at next (C:\\Users\\fatem\\Desktop\\Client Projects\\mini-crm\\backend\\node_modules\\express\\lib\\router\\index.js:280:10)\n' +
        '    at Function.handle (C:\\Users\\fatem\\Desktop\\Client Projects\\mini-crm\\backend\\node_modules\\express\\lib\\router\\index.js:175:3)\n' +
        '    at router (C:\\Users\\fatem\\Desktop\\Client Projects\\mini-crm\\backend\\node_modules\\express\\lib\\router\\index.js:47:12)\n' +
        '    at Layer.handle [as handle_request] (C:\\Users\\fatem\\Desktop\\Client Projects\\mini-crm\\backend\\node_modules\\express\\lib\\router\\layer.js:95:5)\n' +
        '    at trim_prefix (C:\\Users\\fatem\\Desktop\\Client Projects\\mini-crm\\backend\\node_modules\\express\\lib\\router\\index.js:328:13)\n' +
        '    at C:\\Users\\fatem\\Desktop\\Client Projects\\mini-crm\\backend\\node_modules\\express\\lib\\router\\index.js:286:9\n' +
        '    at Function.process_params (C:\\Users\\fatem\\Desktop\\Client Projects\\mini-crm\\backend\\node_modules\\express\\lib\\router\\index.js:346:12)\n' +
        '    at next (C:\\Users\\fatem\\Desktop\\Client Projects\\mini-crm\\backend\\node_modules\\express\\lib\\router\\index.js:280:10)\n' +
        '    at C:\\Users\\fatem\\Desktop\\Client Projects\\mini-crm\\backend\\node_modules\\express-rate-limit\\dist\\index.cjs:807:7\n' +
        '    at processTicksAndRejections (node:internal/process/task_queues:105:5)\n' +
        '    at C:\\Users\\fatem\\Desktop\\Client Projects\\mini-crm\\backend\\node_modules\\express-rate-limit\\dist\\index.cjs:691:5',
      path: '/api/roles/68e13577e5da47e198561848',
      method: 'GET'
    }

      at Logger.log (src/utils/logger.ts:25:17)

::ffff:127.0.0.1 - - [04/Oct/2025:14:55:51 +0000] "GET /api/roles/68e13577e5da47e198561848 HTTP/1.1" 401 69 "-" "-"
  console.log
    [2025-10-04T14:55:52.836Z] [ERROR] Error occurred: {
      error: 'Missing required permission(s): permission.view',
      stack: 'ForbiddenError: Missing required permission(s): permission.view\n' +
        '    at C:\\Users\\fatem\\Desktop\\Client Projects\\mini-crm\\backend\\src\\middleware\\rbac.ts:33:15\n' +
        '    at processTicksAndRejections (node:internal/process/task_queues:105:5)',
      path: '/api/roles/68e13577e5da47e198561861',
      method: 'GET'
    }

      at Logger.log (src/utils/logger.ts:25:17)

::ffff:127.0.0.1 - - [04/Oct/2025:14:55:52 +0000] "GET /api/roles/68e13577e5da47e198561861 HTTP/1.1" 403 96 "-" "-"
  console.log
    [2025-10-04T14:55:53.476Z] [ERROR] Error occurred: {
      error: 'Role not found',
      stack: 'NotFoundError: Role not found\n' +
        '    at RoleService.getRoleById (C:\\Users\\fatem\\Desktop\\Client Projects\\mini-crm\\backend\\src\\services\\role.service.ts:153:13)\n' +
        '    at processTicksAndRejections (node:internal/process/task_queues:105:5)\n' +
        '    at C:\\Users\\fatem\\Desktop\\Client Projects\\mini-crm\\backend\\src\\controllers\\role.controller.ts:41:18',
      path: '/api/roles/68e13579e5da47e198561890',
      method: 'GET'
    }

      at Logger.log (src/utils/logger.ts:25:17)

::ffff:127.0.0.1 - - [04/Oct/2025:14:55:53 +0000] "GET /api/roles/68e13579e5da47e198561890 HTTP/1.1" 404 63 "-" "-"
  console.log
    [2025-10-04T14:55:54.169Z] [ERROR] Error occurred: {
      error: "Cannot read properties of undefined (reading 'options')",
      stack: "TypeError: Cannot read properties of undefined (reading 'options')\n" +
        '    at Function.fromOptions (C:\\Users\\fatem\\Desktop\\Client Projects\\mini-crm\\backend\\node_modules\\mongodb\\src\\read_preference.ts:151:61)\n' +
        '    at resolveOptions (C:\\Users\\fatem\\Desktop\\Client Projects\\mini-crm\\backend\\node_modules\\mongodb\\src\\utils.ts:567:41)\n' +
        '    at Collection.updateOne (C:\\Users\\fatem\\Desktop\\Client Projects\\mini-crm\\backend\\node_modules\\mongodb\\src\\collection.ts:377:23)\n' +
        '    at NativeCollection.<computed> [as updateOne] (C:\\Users\\fatem\\Desktop\\Client Projects\\mini-crm\\backend\\node_modules\\mongoose\\lib\\drivers\\node-mongodb-native\\collection.js:246:33)\n' +
        '    at model.Object.<anonymous>.Model.$__handleSave (C:\\Users\\fatem\\Desktop\\Client Projects\\mini-crm\\backend\\node_modules\\mongoose\\lib\\model.js:443:33)\n' +
        '    at model.Object.<anonymous>.Model.$__save (C:\\Users\\fatem\\Desktop\\Client Projects\\mini-crm\\backend\\node_modules\\mongoose\\lib\\model.js:496:8)\n' +
        '    at C:\\Users\\fatem\\Desktop\\Client Projects\\mini-crm\\backend\\node_modules\\kareem\\index.js:387:18\n' +
        '    at C:\\Users\\fatem\\Desktop\\Client Projects\\mini-crm\\backend\\node_modules\\kareem\\index.js:113:15\n' +
        '    at processTicksAndRejections (node:internal/process/task_queues:85:11)',
      path: '/api/roles/68e1357ae5da47e1985618af',
      method: 'PATCH'
    }

      at Logger.log (src/utils/logger.ts:25:17)

::ffff:127.0.0.1 - - [04/Oct/2025:14:55:54 +0000] "PATCH /api/roles/68e1357ae5da47e1985618af HTTP/1.1" 500 82 "-" "-"
  console.log
    [2025-10-04T14:55:54.858Z] [ERROR] Error occurred: {
      error: "Cannot read properties of undefined (reading 'options')",
      stack: "TypeError: Cannot read properties of undefined (reading 'options')\n" +
        '    at Function.fromOptions (C:\\Users\\fatem\\Desktop\\Client Projects\\mini-crm\\backend\\node_modules\\mongodb\\src\\read_preference.ts:151:61)\n' +
        '    at resolveOptions (C:\\Users\\fatem\\Desktop\\Client Projects\\mini-crm\\backend\\node_modules\\mongodb\\src\\utils.ts:567:41)\n' +
        '    at Collection.updateOne (C:\\Users\\fatem\\Desktop\\Client Projects\\mini-crm\\backend\\node_modules\\mongodb\\src\\collection.ts:377:23)\n' +
        '    at NativeCollection.<computed> [as updateOne] (C:\\Users\\fatem\\Desktop\\Client Projects\\mini-crm\\backend\\node_modules\\mongoose\\lib\\drivers\\node-mongodb-native\\collection.js:246:33)\n' +
        '    at model.Object.<anonymous>.Model.$__handleSave (C:\\Users\\fatem\\Desktop\\Client Projects\\mini-crm\\backend\\node_modules\\mongoose\\lib\\model.js:443:33)\n' +
        '    at model.Object.<anonymous>.Model.$__save (C:\\Users\\fatem\\Desktop\\Client Projects\\mini-crm\\backend\\node_modules\\mongoose\\lib\\model.js:496:8)\n' +
        '    at C:\\Users\\fatem\\Desktop\\Client Projects\\mini-crm\\backend\\node_modules\\kareem\\index.js:387:18\n' +
        '    at C:\\Users\\fatem\\Desktop\\Client Projects\\mini-crm\\backend\\node_modules\\kareem\\index.js:113:15\n' +
        '    at processTicksAndRejections (node:internal/process/task_queues:85:11)',
      path: '/api/roles/68e1357ae5da47e1985618d2',
      method: 'PATCH'
    }

      at Logger.log (src/utils/logger.ts:25:17)

::ffff:127.0.0.1 - - [04/Oct/2025:14:55:54 +0000] "PATCH /api/roles/68e1357ae5da47e1985618d2 HTTP/1.1" 500 82 "-" "-"
  console.log
    [2025-10-04T14:55:55.555Z] [ERROR] Error occurred: {
      error: 'No token provided',
      stack: 'UnauthorizedError: No token provided\n' +
        '    at C:\\Users\\fatem\\Desktop\\Client Projects\\mini-crm\\backend\\src\\middleware\\auth.ts:18:11\n' +
        '    at fn (C:\\Users\\fatem\\Desktop\\Client Projects\\mini-crm\\backend\\src\\utils\\asyncHandler.ts:7:21)\n' +
        '    at Layer.handle [as handle_request] (C:\\Users\\fatem\\Desktop\\Client Projects\\mini-crm\\backend\\node_modules\\express\\lib\\router\\layer.js:95:5)\n' +
        '    at trim_prefix (C:\\Users\\fatem\\Desktop\\Client Projects\\mini-crm\\backend\\node_modules\\express\\lib\\router\\index.js:328:13)\n' +
        '    at C:\\Users\\fatem\\Desktop\\Client Projects\\mini-crm\\backend\\node_modules\\express\\lib\\router\\index.js:286:9\n' +
        '    at Function.process_params (C:\\Users\\fatem\\Desktop\\Client Projects\\mini-crm\\backend\\node_modules\\express\\lib\\router\\index.js:346:12)\n' +
        '    at next (C:\\Users\\fatem\\Desktop\\Client Projects\\mini-crm\\backend\\node_modules\\express\\lib\\router\\index.js:280:10)\n' +
        '    at Function.handle (C:\\Users\\fatem\\Desktop\\Client Projects\\mini-crm\\backend\\node_modules\\express\\lib\\router\\index.js:175:3)\n' +
        '    at router (C:\\Users\\fatem\\Desktop\\Client Projects\\mini-crm\\backend\\node_modules\\express\\lib\\router\\index.js:47:12)\n' +
        '    at Layer.handle [as handle_request] (C:\\Users\\fatem\\Desktop\\Client Projects\\mini-crm\\backend\\node_modules\\express\\lib\\router\\layer.js:95:5)\n' +
        '    at trim_prefix (C:\\Users\\fatem\\Desktop\\Client Projects\\mini-crm\\backend\\node_modules\\express\\lib\\router\\index.js:328:13)\n' +
        '    at C:\\Users\\fatem\\Desktop\\Client Projects\\mini-crm\\backend\\node_modules\\express\\lib\\router\\index.js:286:9\n' +
        '    at Function.process_params (C:\\Users\\fatem\\Desktop\\Client Projects\\mini-crm\\backend\\node_modules\\express\\lib\\router\\index.js:346:12)\n' +
        '    at next (C:\\Users\\fatem\\Desktop\\Client Projects\\mini-crm\\backend\\node_modules\\express\\lib\\router\\index.js:280:10)\n' +
        '    at C:\\Users\\fatem\\Desktop\\Client Projects\\mini-crm\\backend\\node_modules\\express-rate-limit\\dist\\index.cjs:807:7\n' +
        '    at processTicksAndRejections (node:internal/process/task_queues:105:5)\n' +
        '    at C:\\Users\\fatem\\Desktop\\Client Projects\\mini-crm\\backend\\node_modules\\express-rate-limit\\dist\\index.cjs:691:5',
      path: '/api/roles/68e1357be5da47e1985618f4',
      method: 'PATCH'
    }

      at Logger.log (src/utils/logger.ts:25:17)

::ffff:127.0.0.1 - - [04/Oct/2025:14:55:55 +0000] "PATCH /api/roles/68e1357be5da47e1985618f4 HTTP/1.1" 401 69 "-" "-"
  console.log
    [2025-10-04T14:55:56.346Z] [ERROR] Error occurred: {
      error: 'Missing required permission(s): role.manage',
      stack: 'ForbiddenError: Missing required permission(s): role.manage\n' +
        '    at C:\\Users\\fatem\\Desktop\\Client Projects\\mini-crm\\backend\\src\\middleware\\rbac.ts:33:15\n' +
        '    at processTicksAndRejections (node:internal/process/task_queues:105:5)',
      path: '/api/roles/68e1357ce5da47e198561910',
      method: 'PATCH'
    }

      at Logger.log (src/utils/logger.ts:25:17)

::ffff:127.0.0.1 - - [04/Oct/2025:14:55:56 +0000] "PATCH /api/roles/68e1357ce5da47e198561910 HTTP/1.1" 403 92 "-" "-"
  console.log
    [2025-10-04T14:55:57.021Z] [ERROR] Error occurred: {
      error: 'System roles cannot be modified',
      stack: 'ForbiddenError: System roles cannot be modified\n' +
        '    at RoleService.updateRole (C:\\Users\\fatem\\Desktop\\Client Projects\\mini-crm\\backend\\src\\services\\role.service.ts:206:15)\n' +
        '    at processTicksAndRejections (node:internal/process/task_queues:105:5)\n' +
        '    at C:\\Users\\fatem\\Desktop\\Client Projects\\mini-crm\\backend\\src\\controllers\\role.controller.ts:56:18',
      path: '/api/roles/68e1357ce5da47e198561924',
      method: 'PATCH'
    }

      at Logger.log (src/utils/logger.ts:25:17)

::ffff:127.0.0.1 - - [04/Oct/2025:14:55:57 +0000] "PATCH /api/roles/68e1357ce5da47e198561924 HTTP/1.1" 403 80 "-" "-"
  console.log
    [2025-10-04T14:55:57.812Z] [ERROR] Error occurred: {
      error: 'Role not found',
      stack: 'NotFoundError: Role not found\n' +
        '    at RoleService.updateRole (C:\\Users\\fatem\\Desktop\\Client Projects\\mini-crm\\backend\\src\\services\\role.service.ts:201:15)\n' +
        '    at processTicksAndRejections (node:internal/process/task_queues:105:5)\n' +
        '    at C:\\Users\\fatem\\Desktop\\Client Projects\\mini-crm\\backend\\src\\controllers\\role.controller.ts:56:18',
      path: '/api/roles/68e1357de5da47e198561954',
      method: 'PATCH'
    }

      at Logger.log (src/utils/logger.ts:25:17)

::ffff:127.0.0.1 - - [04/Oct/2025:14:55:57 +0000] "PATCH /api/roles/68e1357de5da47e198561954 HTTP/1.1" 404 63 "-" "-"
  console.log
    [2025-10-04T14:55:58.496Z] [ERROR] Error occurred: {
      error: "Cannot read properties of undefined (reading 'options')",
      stack: "TypeError: Cannot read properties of undefined (reading 'options')\n" +
        '    at Function.fromOptions (C:\\Users\\fatem\\Desktop\\Client Projects\\mini-crm\\backend\\node_modules\\mongodb\\src\\read_preference.ts:151:61)\n' +
        '    at resolveOptions (C:\\Users\\fatem\\Desktop\\Client Projects\\mini-crm\\backend\\node_modules\\mongodb\\src\\utils.ts:567:41)\n' +
        '    at Collection.deleteOne (C:\\Users\\fatem\\Desktop\\Client Projects\\mini-crm\\backend\\node_modules\\mongodb\\src\\collection.ts:444:76)\n' +
        '    at NativeCollection.<computed> [as deleteOne] (C:\\Users\\fatem\\Desktop\\Client Projects\\mini-crm\\backend\\node_modules\\mongoose\\lib\\drivers\\node-mongodb-native\\collection.js:246:33)\n' +
        '    at model.Query._deleteOne (C:\\Users\\fatem\\Desktop\\Client Projects\\mini-crm\\backend\\node_modules\\mongoose\\lib\\query.js:3210:34)\n' +
        '    at model.Query.exec (C:\\Users\\fatem\\Desktop\\Client Projects\\mini-crm\\backend\\node_modules\\mongoose\\lib\\query.js:4627:80)\n' +
        '    at processTicksAndRejections (node:internal/process/task_queues:105:5)\n' +
        '    at RoleService.deleteRole (C:\\Users\\fatem\\Desktop\\Client Projects\\mini-crm\\backend\\src\\services\\role.service.ts:308:7)\n' +
        '    at C:\\Users\\fatem\\Desktop\\Client Projects\\mini-crm\\backend\\src\\controllers\\role.controller.ts:71:20',
      path: '/api/roles/68e1357ee5da47e198561973',
      method: 'DELETE'
    }

      at Logger.log (src/utils/logger.ts:25:17)

::ffff:127.0.0.1 - - [04/Oct/2025:14:55:58 +0000] "DELETE /api/roles/68e1357ee5da47e198561973 HTTP/1.1" 500 82 "-" "-"
  console.log
    [2025-10-04T14:55:59.204Z] [ERROR] Error occurred: {
      error: 'No token provided',
      stack: 'UnauthorizedError: No token provided\n' +
        '    at C:\\Users\\fatem\\Desktop\\Client Projects\\mini-crm\\backend\\src\\middleware\\auth.ts:18:11\n' +
        '    at fn (C:\\Users\\fatem\\Desktop\\Client Projects\\mini-crm\\backend\\src\\utils\\asyncHandler.ts:7:21)\n' +
        '    at Layer.handle [as handle_request] (C:\\Users\\fatem\\Desktop\\Client Projects\\mini-crm\\backend\\node_modules\\express\\lib\\router\\layer.js:95:5)\n' +
        '    at trim_prefix (C:\\Users\\fatem\\Desktop\\Client Projects\\mini-crm\\backend\\node_modules\\express\\lib\\router\\index.js:328:13)\n' +
        '    at C:\\Users\\fatem\\Desktop\\Client Projects\\mini-crm\\backend\\node_modules\\express\\lib\\router\\index.js:286:9\n' +
        '    at Function.process_params (C:\\Users\\fatem\\Desktop\\Client Projects\\mini-crm\\backend\\node_modules\\express\\lib\\router\\index.js:346:12)\n' +
        '    at next (C:\\Users\\fatem\\Desktop\\Client Projects\\mini-crm\\backend\\node_modules\\express\\lib\\router\\index.js:280:10)\n' +
        '    at Function.handle (C:\\Users\\fatem\\Desktop\\Client Projects\\mini-crm\\backend\\node_modules\\express\\lib\\router\\index.js:175:3)\n' +
        '    at router (C:\\Users\\fatem\\Desktop\\Client Projects\\mini-crm\\backend\\node_modules\\express\\lib\\router\\index.js:47:12)\n' +
        '    at Layer.handle [as handle_request] (C:\\Users\\fatem\\Desktop\\Client Projects\\mini-crm\\backend\\node_modules\\express\\lib\\router\\layer.js:95:5)\n' +
        '    at trim_prefix (C:\\Users\\fatem\\Desktop\\Client Projects\\mini-crm\\backend\\node_modules\\express\\lib\\router\\index.js:328:13)\n' +
        '    at C:\\Users\\fatem\\Desktop\\Client Projects\\mini-crm\\backend\\node_modules\\express\\lib\\router\\index.js:286:9\n' +
        '    at Function.process_params (C:\\Users\\fatem\\Desktop\\Client Projects\\mini-crm\\backend\\node_modules\\express\\lib\\router\\index.js:346:12)\n' +
        '    at next (C:\\Users\\fatem\\Desktop\\Client Projects\\mini-crm\\backend\\node_modules\\express\\lib\\router\\index.js:280:10)\n' +
        '    at C:\\Users\\fatem\\Desktop\\Client Projects\\mini-crm\\backend\\node_modules\\express-rate-limit\\dist\\index.cjs:807:7\n' +
        '    at processTicksAndRejections (node:internal/process/task_queues:105:5)\n' +
        '    at C:\\Users\\fatem\\Desktop\\Client Projects\\mini-crm\\backend\\node_modules\\express-rate-limit\\dist\\index.cjs:691:5',
      path: '/api/roles/68e1357fe5da47e198561996',
      method: 'DELETE'
    }

      at Logger.log (src/utils/logger.ts:25:17)

::ffff:127.0.0.1 - - [04/Oct/2025:14:55:59 +0000] "DELETE /api/roles/68e1357fe5da47e198561996 HTTP/1.1" 401 69 "-" "-"
  console.log
    [2025-10-04T14:55:59.997Z] [ERROR] Error occurred: {
      error: 'Missing required permission(s): role.manage',
      stack: 'ForbiddenError: Missing required permission(s): role.manage\n' +
        '    at C:\\Users\\fatem\\Desktop\\Client Projects\\mini-crm\\backend\\src\\middleware\\rbac.ts:33:15\n' +
        '    at processTicksAndRejections (node:internal/process/task_queues:105:5)',
      path: '/api/roles/68e1357fe5da47e1985619b2',
      method: 'DELETE'
    }

      at Logger.log (src/utils/logger.ts:25:17)

::ffff:127.0.0.1 - - [04/Oct/2025:14:55:59 +0000] "DELETE /api/roles/68e1357fe5da47e1985619b2 HTTP/1.1" 403 92 "-" "-"
  console.log
    [2025-10-04T14:56:00.797Z] [ERROR] Error occurred: {
      error: 'System roles cannot be deleted',
      stack: 'ForbiddenError: System roles cannot be deleted\n' +
        '    at RoleService.deleteRole (C:\\Users\\fatem\\Desktop\\Client Projects\\mini-crm\\backend\\src\\services\\role.service.ts:296:15)\n' +
        '    at processTicksAndRejections (node:internal/process/task_queues:105:5)\n' +
        '    at C:\\Users\\fatem\\Desktop\\Client Projects\\mini-crm\\backend\\src\\controllers\\role.controller.ts:71:20',
      path: '/api/roles/68e13580e5da47e1985619c6',
      method: 'DELETE'
    }

      at Logger.log (src/utils/logger.ts:25:17)

::ffff:127.0.0.1 - - [04/Oct/2025:14:56:00 +0000] "DELETE /api/roles/68e13580e5da47e1985619c6 HTTP/1.1" 403 79 "-" "-"
  console.log
    [2025-10-04T14:56:01.790Z] [ERROR] Error occurred: {
      error: 'Cannot delete role. It is currently assigned to 1 user(s). Please reassign users before deleting.',
      stack: 'ForbiddenError: Cannot delete role. It is currently assigned to 1 user(s). Please reassign users before deleting.\n' +
        '    at RoleService.deleteRole (C:\\Users\\fatem\\Desktop\\Client Projects\\mini-crm\\backend\\src\\services\\role.service.ts:302:15)\n' +
        '    at processTicksAndRejections (node:internal/process/task_queues:105:5)\n' +
        '    at C:\\Users\\fatem\\Desktop\\Client Projects\\mini-crm\\backend\\src\\controllers\\role.controller.ts:71:20',
      path: '/api/roles/68e13581e5da47e1985619f3',
      method: 'DELETE'
    }

      at Logger.log (src/utils/logger.ts:25:17)

::ffff:127.0.0.1 - - [04/Oct/2025:14:56:01 +0000] "DELETE /api/roles/68e13581e5da47e1985619f3 HTTP/1.1" 403 146 "-" "-"
FAIL src/routes/__tests__/role.routes.test.ts (27.852 s)
  Role Routes
    POST /api/roles
      ├ù should create a new role (1127 ms)
      ΓêÜ should return 401 without authentication (672 ms)
      ΓêÜ should return 403 without ROLE_MANAGE permission (712 ms)
      ΓêÜ should return 400 for invalid data (700 ms)
      ΓêÜ should return 409 for duplicate role name (698 ms)
      ΓêÜ should return 400 for invalid permissions (698 ms)
    GET /api/roles
      ΓêÜ should list all roles (699 ms)
      ├ù should filter roles by isSystem (732 ms)
      ΓêÜ should search roles by name (766 ms)
      ├ù should paginate results (910 ms)
      ΓêÜ should sort roles by name (667 ms)
      ΓêÜ should return 401 without authentication (636 ms)
    GET /api/roles/permissions
      ├ù should list all available permissions (648 ms)
      ΓêÜ should return 401 without authentication (646 ms)
    GET /api/roles/:id
      ΓêÜ should get role by id (659 ms)
      ΓêÜ should return 401 without authentication (643 ms)
      ΓêÜ should return 403 without PERMISSION_VIEW permission (974 ms)
      ΓêÜ should return 404 for non-existent role (642 ms)
    PATCH /api/roles/:id
      ├ù should update role name (691 ms)
      ├ù should update role permissions (690 ms)
      ΓêÜ should return 401 without authentication (701 ms)
      ΓêÜ should return 403 without ROLE_MANAGE permission (791 ms)
      ΓêÜ should return 403 when trying to update system role (674 ms)
      ΓêÜ should return 404 for non-existent role (792 ms)
    DELETE /api/roles/:id
      ├ù should delete role (681 ms)
      ΓêÜ should return 401 without authentication (712 ms)
      ΓêÜ should return 403 without ROLE_MANAGE permission (786 ms)
      ΓêÜ should return 403 when trying to delete system role (799 ms)
      ΓêÜ should return 403 when trying to delete role assigned to users (997 ms)

  ΓùÅ Role Routes ΓÇ║ POST /api/roles ΓÇ║ should create a new role

    expected 201 "Created", got 500 "Internal Server Error"

    [0m [90m  95 |[39m           permissions[33m:[39m 
[[33mPermission[39m[33m.[39m[33mLEAD_VIEW_ALL[39m[33m,[39m 
[33mPermission[39m[33m.[39m[33mLEAD_EDIT_ALL[39m][33m,[39m
     [90m  96 |[39m         })
    [31m[1m>[22m[39m[90m  97 |[39m         [33m.[39mexpect([35m201[39m)[33m;[39m
     [90m     |[39m          [31m[1m^[22m[39m
     [90m  98 |[39m
     [90m  99 |[39m       
expect(response[33m.[39mbody[33m.[39msuccess)[33m.[39mtoBe([36mtrue[39m)[33m;[39m
     [90m 100 |[39m       
expect(response[33m.[39mbody[33m.[39mdata[33m.[39mname)[33m.[39mtoBe([32m'Sales 
Manager'[39m)[33m;[39m[0m

      at Object.<anonymous> (src/routes/__tests__/role.routes.test.ts:97:10)
      ----
      at Test._assertStatus (node_modules/supertest/lib/test.js:252:14)
      at node_modules/supertest/lib/test.js:308:13
      at Test._assertFunction (node_modules/supertest/lib/test.js:285:13)
      at Test.assert (node_modules/supertest/lib/test.js:164:23)
      at Server.localAssert (node_modules/supertest/lib/test.js:120:14)

  ΓùÅ Role Routes ΓÇ║ GET /api/roles ΓÇ║ should filter roles by isSystem

    expect(received).toHaveLength(expected)

    Expected length: 2
    Received length: 4
    Received array:  [{"createdAt": "2025-10-04T14:55:45.566Z", "description": "", "id": 
"68e13571e5da47e198561745", "isSystem": true, "name": "Admin", "permissions": ["role.manage", 
"permission.view"], "updatedAt": "2025-10-04T14:55:45.566Z", "userCount": 1}, {"createdAt": 
"2025-10-04T14:55:45.566Z", "description": "", "id": "68e13571e5da47e198561746", "isSystem": 
true, "name": "Agent", "permissions": ["permission.view"], "updatedAt": 
"2025-10-04T14:55:45.566Z", "userCount": 1}, {"createdAt": "2025-10-04T14:55:46.255Z", 
"description": "Project team manager", "id": "68e13572e5da47e198561752", "isSystem": false, 
"name": "Project Manager", "permissions": ["project.view", "project.update"], "updatedAt": 
"2025-10-04T14:55:46.255Z", "userCount": 0}, {"createdAt": "2025-10-04T14:55:46.255Z", 
"description": "Sales team manager", "id": "68e13572e5da47e198561751", "isSystem": false, 
"name": "Sales Manager", "permissions": ["lead.view.all", "lead.edit.all"], "updatedAt": 
"2025-10-04T14:55:46.255Z", "userCount": 0}]

    [0m [90m 217 |[39m
     [90m 218 |[39m       
expect(response[33m.[39mbody[33m.[39msuccess)[33m.[39mtoBe([36mtrue[39m)[33m;[39m
    [31m[1m>[22m[39m[90m 219 |[39m       
expect(response[33m.[39mbody[33m.[39mdata)[33m.[39mtoHaveLength([35m2[39m)[33m;[39m
     [90m     |[39m                                  [31m[1m^[22m[39m
     [90m 220 |[39m       
expect(response[33m.[39mbody[33m.[39mdata[33m.[39mevery((r[33m:[39m any) [33m=>[39m 
r[33m.[39misSystem [33m===[39m [36mtrue[39m))[33m.[39mtoBe([36mtrue[39m)[33m;[39m
     [90m 221 |[39m     })[33m;[39m
     [90m 222 |[39m[0m

      at Object.<anonymous> (src/routes/__tests__/role.routes.test.ts:219:34)

  ΓùÅ Role Routes ΓÇ║ GET /api/roles ΓÇ║ should paginate results

    expect(received).toBe(expected) // Object.is equality

    Expected: 1
    Received: "1"

    [0m [90m 240 |[39m       
expect(response[33m.[39mbody[33m.[39msuccess)[33m.[39mtoBe([36mtrue[39m)[33m;[39m
     [90m 241 |[39m       
expect(response[33m.[39mbody[33m.[39mdata)[33m.[39mtoHaveLength([35m2[39m)[33m;[39m
    [31m[1m>[22m[39m[90m 242 |[39m       expect(response[33m.[39mbody[33m.[39mmeta[3
3m.[39mpage)[33m.[39mtoBe([35m1[39m)[33m;[39m
     [90m     |[39m                                       [31m[1m^[22m[39m
     [90m 243 |[39m       expect(response[33m.[39mbody[33m.[39mmeta[33m.[39mpageSize)[
33m.[39mtoBe([35m2[39m)[33m;[39m
     [90m 244 |[39m       expect(response[33m.[39mbody[33m.[39mmeta[33m.[39mtotalPages)
[33m.[39mtoBe([35m2[39m)[33m;[39m
     [90m 245 |[39m     })[33m;[39m[0m

      at Object.<anonymous> (src/routes/__tests__/role.routes.test.ts:242:39)

  ΓùÅ Role Routes ΓÇ║ GET /api/roles/permissions ΓÇ║ should list all available permissions

    expect(received).toBe(expected) // Object.is equality

    Expected: true
    Received: false

    [0m [90m 269 |[39m
     [90m 270 |[39m       
expect(response[33m.[39mbody[33m.[39msuccess)[33m.[39mtoBe([36mtrue[39m)[33m;[39m
    [31m[1m>[22m[39m[90m 271 |[39m       expect([33mArray[39m[33m.[39misArray(respons
e[33m.[39mbody[33m.[39mdata))[33m.[39mtoBe([36mtrue[39m)[33m;[39m
     [90m     |[39m                                                 [31m[1m^[22m[39m
     [90m 272 |[39m       expect(response[33m.[39mbody[33m.[39mdata[33m.[39mlength)[33
m.[39mtoBeGreaterThan([35m0[39m)[33m;[39m
     [90m 273 |[39m       expect(response[33m.[39mbody[33m.[39mdata)[33m.[39mtoContain(
[33mPermission[39m[33m.[39m[33mLEAD_VIEW_ALL[39m)[33m;[39m
     [90m 274 |[39m     })[33m;[39m[0m

      at Object.<anonymous> (src/routes/__tests__/role.routes.test.ts:271:49)

  ΓùÅ Role Routes ΓÇ║ PATCH /api/roles/:id ΓÇ║ should update role name

    expected 200 "OK", got 500 "Internal Server Error"

    [0m [90m 359 |[39m         
[33m.[39m[36mset[39m([32m'Authorization'[39m[33m,[39m [32m`Bearer ${adminToken}`[39m)
     [90m 360 |[39m         [33m.[39msend({ name[33m:[39m [32m'Updated Role Name'[39m 
})
    [31m[1m>[22m[39m[90m 361 |[39m         [33m.[39mexpect([35m200[39m)[33m;[39m
     [90m     |[39m          [31m[1m^[22m[39m
     [90m 362 |[39m
     [90m 363 |[39m       
expect(response[33m.[39mbody[33m.[39msuccess)[33m.[39mtoBe([36mtrue[39m)[33m;[39m
     [90m 364 |[39m       
expect(response[33m.[39mbody[33m.[39mdata[33m.[39mname)[33m.[39mtoBe([32m'Updated 
Role Name'[39m)[33m;[39m[0m

      at Object.<anonymous> (src/routes/__tests__/role.routes.test.ts:361:10)
      ----
      at Test._assertStatus (node_modules/supertest/lib/test.js:252:14)
      at node_modules/supertest/lib/test.js:308:13
      at Test._assertFunction (node_modules/supertest/lib/test.js:285:13)
      at Test.assert (node_modules/supertest/lib/test.js:164:23)
      at Server.localAssert (node_modules/supertest/lib/test.js:120:14)

  ΓùÅ Role Routes ΓÇ║ PATCH /api/roles/:id ΓÇ║ should update role permissions

    expected 200 "OK", got 500 "Internal Server Error"

    [0m [90m 374 |[39m         
[33m.[39m[36mset[39m([32m'Authorization'[39m[33m,[39m [32m`Bearer ${adminToken}`[39m)
     [90m 375 |[39m         [33m.[39msend({ permissions[33m:[39m 
[[33mPermission[39m[33m.[39m[33mLEAD_VIEW_ALL[39m[33m,[39m 
[33mPermission[39m[33m.[39m[33mLEAD_EDIT_ALL[39m] })
    [31m[1m>[22m[39m[90m 376 |[39m         [33m.[39mexpect([35m200[39m)[33m;[39m
     [90m     |[39m          [31m[1m^[22m[39m
     [90m 377 |[39m
     [90m 378 |[39m       
expect(response[33m.[39mbody[33m.[39msuccess)[33m.[39mtoBe([36mtrue[39m)[33m;[39m
     [90m 379 |[39m       expect(response[33m.[39mbody[33m.[39mdata[33m.[39mpermissions
)[33m.[39mtoContain([33mPermission[39m[33m.[39m[33mLEAD_EDIT_ALL[39m)[33m;[39m[0m

      at Object.<anonymous> (src/routes/__tests__/role.routes.test.ts:376:10)
      ----
      at Test._assertStatus (node_modules/supertest/lib/test.js:252:14)
      at node_modules/supertest/lib/test.js:308:13
      at Test._assertFunction (node_modules/supertest/lib/test.js:285:13)
      at Test.assert (node_modules/supertest/lib/test.js:164:23)
      at Server.localAssert (node_modules/supertest/lib/test.js:120:14)

  ΓùÅ Role Routes ΓÇ║ DELETE /api/roles/:id ΓÇ║ should delete role

    expected 200 "OK", got 500 "Internal Server Error"

    [0m [90m 438 |[39m         
[33m.[39m[36mdelete[39m([32m`/api/roles/${customRoleId}`[39m)
     [90m 439 |[39m         [33m.[39m[36mset[39m([32m'Authorization'[39m[33m,[39m 
[32m`Bearer ${adminToken}`[39m)
    [31m[1m>[22m[39m[90m 440 |[39m         [33m.[39mexpect([35m200[39m)[33m;[39m
     [90m     |[39m          [31m[1m^[22m[39m
     [90m 441 |[39m
     [90m 442 |[39m       
expect(response[33m.[39mbody[33m.[39msuccess)[33m.[39mtoBe([36mtrue[39m)[33m;[39m
     [90m 443 |[39m[0m

      at Object.<anonymous> (src/routes/__tests__/role.routes.test.ts:440:10)
      ----
      at Test._assertStatus (node_modules/supertest/lib/test.js:252:14)
      at node_modules/supertest/lib/test.js:308:13
      at Test._assertFunction (node_modules/supertest/lib/test.js:285:13)
      at Test.assert (node_modules/supertest/lib/test.js:164:23)
      at Server.localAssert (node_modules/supertest/lib/test.js:120:14)

---------------------------|---------|----------|---------|---------|-------------------------------------------------
File                       | % Stmts | % Branch | % Funcs | % Lines | Uncovered Line #s                               
---------------------------|---------|----------|---------|---------|-------------------------------------------------
All files                  |   43.98 |    19.73 |   25.74 |   43.91 |                                                 
 src                       |   95.55 |       50 |      50 |   95.45 |                                                 
  app.ts                   |   95.55 |       50 |      50 |   95.45 | 40,53                                           
 src/config                |   34.24 |       30 |   14.28 |   32.83 |                                                 
  database.ts              |       0 |      100 |       0 |       0 | 1-39                                            
  env.ts                   |    62.5 |       60 |   66.66 |    62.5 | 38-45                                           
  multer.ts                |   42.85 |        0 |       0 |    38.7 | 9,15-23,30-61,77-81,86,91-92                    
 src/constants             |     100 |      100 |     100 |     100 |                                                 
  enums.ts                 |     100 |      100 |     100 |     100 |                                                 
  permissions.ts           |     100 |      100 |     100 |     100 |                                                 
  roles.ts                 |     100 |      100 |     100 |     100 |                                                 
 src/controllers           |   33.07 |    10.71 |   20.28 |   33.07 |                                                 
  analytics.controller.ts  |   33.33 |      100 |   16.66 |   33.33 | 14-19,27-32,40-45,53-58,66-71                   
  attachment.controller.ts |    7.35 |        0 |       0 |    7.35 | 20-207                                          
  auth.controller.ts       |   30.95 |        0 |   11.11 |   30.95 | 10-15,19-24,28-32,36-42,46-50,54-58,62-68,72-74 
  lead.controller.ts       |   43.47 |        0 |       0 |   43.47 | 13-20,28-35,43-61,77-85,93-100,108-115          
  note.controller.ts       |   29.26 |      100 |    12.5 |   29.26 | 15-20,28-38,46-50,58-63,71-77,85-91,99-108      
  org.controller.ts        |   41.17 |      100 |   33.33 |   41.17 | 19-26,42-56                                     
  project.controller.ts    |    27.9 |      100 |    12.5 |    27.9 | 14-19,29-33,43-48,58-64,74-80,90-96,106-112     
  role.controller.ts       |    92.5 |       50 |     100 |    92.5 | 20,58,73                                        
  task.controller.ts       |    27.9 |      100 |    12.5 |    27.9 | 14-19,27-31,39-44,52-58,66-72,80-90,98-104      
  user.controller.ts       |      25 |      100 |   16.66 |      25 | 19-27,37-42,50-55,63-72,80-88                   
 src/middleware            |   61.53 |    36.66 |   44.44 |   60.46 |                                                 
  auth.ts                  |   52.38 |    23.07 |      50 |    52.5 | 31,35,45-51,56-79                               
  correlationId.ts         |     100 |      100 |     100 |     100 |                                                 
  errorHandler.ts          |   65.38 |       25 |   33.33 |   65.21 | 29-33,40-41,48,53,57,67                         
  rateLimit.ts             |   77.77 |      100 |       0 |   77.77 | 17,30                                           
  rbac.ts                  |      50 |       50 |   35.71 |    47.5 | 12,46-75,85-97                                  
  validation.ts            |    92.3 |      100 |     100 |    90.9 | 22                                              
 src/models                |   96.11 |        0 |   33.33 |   96.11 |                                                 
  Attachment.ts            |     100 |      100 |     100 |     100 |                                                 
  AuditLog.ts              |     100 |      100 |     100 |     100 |                                                 
  Lead.ts                  |     100 |      100 |     100 |     100 |                                                 
  Note.ts                  |     100 |      100 |     100 |     100 |                                                 
  Organization.ts          |     100 |      100 |     100 |     100 |                                                 
  Project.ts               |     100 |      100 |     100 |     100 |                                                 
  Role.ts                  |     100 |      100 |     100 |     100 |                                                 
  Task.ts                  |     100 |      100 |     100 |     100 |                                                 
  Token.ts                 |      90 |      100 |       0 |      90 | 52                                              
  User.ts                  |   84.21 |        0 |      50 |   84.21 | 73,81,89                                        
 src/routes                |     100 |      100 |     100 |     100 |                                                 
  analytics.routes.ts      |     100 |      100 |     100 |     100 |                                                 
  attachment.routes.ts     |     100 |      100 |     100 |     100 |                                                 
  auth.routes.ts           |     100 |      100 |     100 |     100 |                                                 
  lead.routes.ts           |     100 |      100 |     100 |     100 |                                                 
  note.routes.ts           |     100 |      100 |     100 |     100 |                                                 
  org.routes.ts            |     100 |      100 |     100 |     100 |                                                 
  project.routes.ts        |     100 |      100 |     100 |     100 |                                                 
  role.routes.ts           |     100 |      100 |     100 |     100 |                                                 
  task.routes.ts           |     100 |      100 |     100 |     100 |                                                 
  user.routes.ts           |     100 |      100 |     100 |     100 |                                                 
 src/scripts               |       0 |      100 |       0 |       0 |                                                 
  seed.ts                  |       0 |      100 |       0 |       0 | 1-439                                           
 src/services              |   18.33 |     7.11 |      11 |    18.1 |                                                 
  analytics.service.ts     |    8.86 |        0 |       0 |    9.09 | 14-540                                          
  attachment.service.ts    |   13.69 |        0 |       0 |   13.69 | 27-305                                          
  auth.service.ts          |   10.23 |        0 |       0 |    10.4 | 34-439                                          
  lead.service.ts          |    9.41 |        0 |       0 |    9.41 | 53-378                                          
  note.service.ts          |   13.11 |        0 |       0 |   13.11 | 19-268                                          
  org.service.ts           |   13.04 |        0 |       0 |   13.63 | 13-146                                          
  project.service.ts       |    8.13 |        0 |       0 |    8.23 | 19-369                                          
  role.service.ts          |   85.41 |    78.26 |     100 |   85.55 | 46-68,104,213,232-258,291,311-333               
  task.service.ts          |    7.05 |        0 |       0 |    7.05 | 19-334                                          
  user.service.ts          |    7.96 |        0 |       0 |    8.25 | 22-431                                          
 src/utils                 |   80.85 |    66.66 |      65 |   80.43 |                                                 
  asyncHandler.ts          |     100 |      100 |     100 |     100 |                                                 
  errors.ts                |    87.5 |        0 |   66.66 |    87.5 | 46,52,58                                        
  logger.ts                |   71.42 |    66.66 |      50 |   71.42 | 27,37-45                                        
  response.ts              |      60 |     92.3 |   66.66 |      60 | 49-58                                           
 src/validators            |      80 |        0 |   21.42 |   81.72 |                                                 
  analytics.validator.ts   |     100 |      100 |     100 |     100 |                                                 
  attachment.validator.ts  |   85.71 |      100 |       0 |   85.71 | 8                                               
  auth.validator.ts        |     100 |      100 |     100 |     100 |                                                 
  lead.validator.ts        |      80 |      100 |       0 |      80 | 16,40                                           
  note.validator.ts        |    90.9 |      100 |       0 |     100 |                                                 
  org.validator.ts         |   66.66 |      100 |       0 |   66.66 | 42                                              
  project.validator.ts     |   52.17 |        0 |       0 |   52.17 | 7,33-38,65-70                                   
  role.validator.ts        |   88.88 |      100 |      75 |   88.88 | 59                                              
  task.validator.ts        |      90 |      100 |       0 |     100 |                                                 
  user.validator.ts        |   88.88 |      100 |       0 |   88.88 | 52                                              
---------------------------|---------|----------|---------|---------|-------------------------------------------------
Test Suites: 1 failed, 1 total
Tests:       7 failed, 22 passed, 29 total
Snapshots:   0 total
Time:        29.548 s, estimated 37 s
Ran all test suites matching /role.routes.test.ts/i.
npm verbose cwd C:\Users\fatem\Desktop\Client Projects\mini-crm\backend
npm verbose os Windows_NT 10.0.26100
npm verbose node v22.14.0
npm verbose npm  v11.3.0
npm verbose exit 1
npm verbose code 1
